// Jest Snapshot v1, https://goo.gl/fbAQLP

exports[`Pruebas en FirstApp Debe hacerse match con el snapshot 1`] = `
<div>
  <h1
    data-testid="test-saludo"
  >
    hola mundo
  </h1>
  <p
    data-testid="test-p"
  >
    NO HAY NOMBRE
    , 
    0
  </p>
</div>
`;
