// Jest Snapshot v1, https://goo.gl/fbAQLP

exports[`Pruebas optimizadas FirstApp  Hacer match con el snapshot 1`] = `
<div>
  <h1
    data-testid="test-saludo"
  >
    HOLA
  </h1>
  <p
    data-testid="test-p"
  >
    luis
    , 
    25
  </p>
</div>
`;
